﻿[dotenv@17.3.1] injecting env (7) from .env -- tip: ≡ƒ¢í∩╕Å auth for agents: https://vestauth.com
Γ£à Database terhubung: mbnp_db
Initial row: [
  {
    id: 0,
    user_id: 2,
    log_date: 2026-03-24T17:00:00.000Z,
    subuh: 1,
    dzuhur: 0,
    ashar: 0,
    maghrib: 0,
    isya: 0,
    dhuha: 0,
    tahajud: 0,
    puasa_senin: 0,
    puasa_kamis: 0,
    created_at: 2026-03-25T10:13:47.000Z
  },
  {
    id: 0,
    user_id: 2,
    log_date: 2026-03-24T17:00:00.000Z,
    subuh: 0,
    dzuhur: 1,
    ashar: 0,
    maghrib: 0,
    isya: 0,
    dhuha: 0,
    tahajud: 0,
    puasa_senin: 0,
    puasa_kamis: 0,
    created_at: 2026-03-25T10:13:47.000Z
  },
  {
    id: 0,
    user_id: 2,
    log_date: 2026-03-24T17:00:00.000Z,
    subuh: 0,
    dzuhur: 0,
    ashar: 1,
    maghrib: 0,
    isya: 0,
    dhuha: 0,
    tahajud: 0,
    puasa_senin: 0,
    puasa_kamis: 0,
    created_at: 2026-03-25T10:13:48.000Z
  },
  {
    id: 0,
    user_id: 2,
    log_date: 2026-03-24T17:00:00.000Z,
    subuh: 0,
    dzuhur: 1,
    ashar: 0,
    maghrib: 0,
    isya: 0,
    dhuha: 0,
    tahajud: 0,
    puasa_senin: 0,
    puasa_kamis: 0,
    created_at: 2026-03-25T10:13:49.000Z
  },
  {
    id: 0,
    user_id: 2,
    log_date: 2026-03-24T17:00:00.000Z,
    subuh: 0,
    dzuhur: 1,
    ashar: 0,
    maghrib: 0,
    isya: 0,
    dhuha: 0,
    tahajud: 0,
    puasa_senin: 0,
    puasa_kamis: 0,
    created_at: 2026-03-25T10:13:49.000Z
  },
  {
    id: 0,
    user_id: 2,
    log_date: 2026-03-24T17:00:00.000Z,
    subuh: 0,
    dzuhur: 1,
    ashar: 0,
    maghrib: 0,
    isya: 0,
    dhuha: 0,
    tahajud: 0,
    puasa_senin: 0,
    puasa_kamis: 0,
    created_at: 2026-03-25T10:13:54.000Z
  },
  {
    id: 0,
    user_id: 2,
    log_date: 2026-03-24T17:00:00.000Z,
    subuh: 0,
    dzuhur: 0,
    ashar: 0,
    maghrib: 0,
    isya: 0,
    dhuha: 1,
    tahajud: 0,
    puasa_senin: 0,
    puasa_kamis: 0,
    created_at: 2026-03-25T10:13:54.000Z
  },
  {
    id: 0,
    user_id: 2,
    log_date: 2026-03-24T17:00:00.000Z,
    subuh: 0,
    dzuhur: 1,
    ashar: 0,
    maghrib: 0,
    isya: 0,
    dhuha: 0,
    tahajud: 0,
    puasa_senin: 0,
    puasa_kamis: 0,
    created_at: 2026-03-25T10:13:56.000Z
  },
  {
    id: 0,
    user_id: 2,
    log_date: 2026-03-24T17:00:00.000Z,
    subuh: 0,
    dzuhur: 1,
    ashar: 0,
    maghrib: 0,
    isya: 0,
    dhuha: 0,
    tahajud: 0,
    puasa_senin: 0,
    puasa_kamis: 0,
    created_at: 2026-03-25T10:13:57.000Z
  },
  {
    id: 0,
    user_id: 2,
    log_date: 2026-03-24T17:00:00.000Z,
    subuh: 0,
    dzuhur: 1,
    ashar: 0,
    maghrib: 0,
    isya: 0,
    dhuha: 0,
    tahajud: 0,
    puasa_senin: 0,
    puasa_kamis: 0,
    created_at: 2026-03-25T10:14:28.000Z
  },
  {
    id: 0,
    user_id: 2,
    log_date: 2026-03-24T17:00:00.000Z,
    subuh: 0,
    dzuhur: 1,
    ashar: 0,
    maghrib: 0,
    isya: 0,
    dhuha: 0,
    tahajud: 0,
    puasa_senin: 0,
    puasa_kamis: 0,
    created_at: 2026-03-25T10:18:31.000Z
  },
  {
    id: 0,
    user_id: 2,
    log_date: 2026-03-24T17:00:00.000Z,
    subuh: 0,
    dzuhur: 1,
    ashar: 0,
    maghrib: 0,
    isya: 0,
    dhuha: 0,
    tahajud: 0,
    puasa_senin: 0,
    puasa_kamis: 0,
    created_at: 2026-03-25T10:18:31.000Z
  },
  {
    id: 0,
    user_id: 2,
    log_date: 2026-03-24T17:00:00.000Z,
    subuh: 1,
    dzuhur: 0,
    ashar: 0,
    maghrib: 0,
    isya: 0,
    dhuha: 0,
    tahajud: 0,
    puasa_senin: 0,
    puasa_kamis: 0,
    created_at: 2026-03-25T10:18:35.000Z
  },
  {
    id: 0,
    user_id: 2,
    log_date: 2026-03-24T17:00:00.000Z,
    subuh: 1,
    dzuhur: 0,
    ashar: 0,
    maghrib: 0,
    isya: 0,
    dhuha: 0,
    tahajud: 0,
    puasa_senin: 0,
    puasa_kamis: 0,
    created_at: 2026-03-25T10:18:36.000Z
  },
  {
    id: 0,
    user_id: 2,
    log_date: 2026-03-24T17:00:00.000Z,
    subuh: 1,
    dzuhur: 0,
    ashar: 0,
    maghrib: 0,
    isya: 0,
    dhuha: 0,
    tahajud: 0,
    puasa_senin: 0,
    puasa_kamis: 0,
    created_at: 2026-03-25T10:18:36.000Z
  },
  {
    id: 0,
    user_id: 2,
    log_date: 2026-03-24T17:00:00.000Z,
    subuh: 0,
    dzuhur: 0,
    ashar: 0,
    maghrib: 0,
    isya: 0,
    dhuha: 1,
    tahajud: 0,
    puasa_senin: 0,
    puasa_kamis: 0,
    created_at: 2026-03-25T10:18:37.000Z
  },
  {
    id: 0,
    user_id: 2,
    log_date: 2026-03-24T17:00:00.000Z,
    subuh: 0,
    dzuhur: 0,
    ashar: 0,
    maghrib: 0,
    isya: 0,
    dhuha: 0,
    tahajud: 1,
    puasa_senin: 0,
    puasa_kamis: 0,
    created_at: 2026-03-25T10:18:37.000Z
  },
  {
    id: 0,
    user_id: 2,
    log_date: 2026-03-24T17:00:00.000Z,
    subuh: 0,
    dzuhur: 1,
    ashar: 0,
    maghrib: 0,
    isya: 0,
    dhuha: 0,
    tahajud: 0,
    puasa_senin: 0,
    puasa_kamis: 0,
    created_at: 2026-03-25T10:18:38.000Z
  },
  {
    id: 0,
    user_id: 2,
    log_date: 2026-03-24T17:00:00.000Z,
    subuh: 0,
    dzuhur: 1,
    ashar: 0,
    maghrib: 0,
    isya: 0,
    dhuha: 0,
    tahajud: 0,
    puasa_senin: 0,
    puasa_kamis: 0,
    created_at: 2026-03-25T10:27:03.000Z
  },
  {
    id: 0,
    user_id: 2,
    log_date: 2026-03-24T17:00:00.000Z,
    subuh: 0,
    dzuhur: 1,
    ashar: 0,
    maghrib: 0,
    isya: 0,
    dhuha: 0,
    tahajud: 0,
    puasa_senin: 0,
    puasa_kamis: 0,
    created_at: 2026-03-25T10:27:04.000Z
  },
  {
    id: 0,
    user_id: 2,
    log_date: 2026-03-24T17:00:00.000Z,
    subuh: 0,
    dzuhur: 1,
    ashar: 0,
    maghrib: 0,
    isya: 0,
    dhuha: 0,
    tahajud: 0,
    puasa_senin: 0,
    puasa_kamis: 0,
    created_at: 2026-03-25T10:27:04.000Z
  },
  {
    id: 0,
    user_id: 2,
    log_date: 2026-03-24T17:00:00.000Z,
    subuh: 0,
    dzuhur: 1,
    ashar: 0,
    maghrib: 0,
    isya: 0,
    dhuha: 0,
    tahajud: 0,
    puasa_senin: 0,
    puasa_kamis: 0,
    created_at: 2026-03-25T10:27:04.000Z
  },
  {
    id: 0,
    user_id: 2,
    log_date: 2026-03-24T17:00:00.000Z,
    subuh: 0,
    dzuhur: 0,
    ashar: 1,
    maghrib: 0,
    isya: 0,
    dhuha: 0,
    tahajud: 0,
    puasa_senin: 0,
    puasa_kamis: 0,
    created_at: 2026-03-25T10:27:05.000Z
  },
  {
    id: 0,
    user_id: 2,
    log_date: 2026-03-24T17:00:00.000Z,
    subuh: 0,
    dzuhur: 1,
    ashar: 0,
    maghrib: 0,
    isya: 0,
    dhuha: 0,
    tahajud: 0,
    puasa_senin: 0,
    puasa_kamis: 0,
    created_at: 2026-03-25T10:27:06.000Z
  },
  {
    id: 0,
    user_id: 2,
    log_date: 2026-03-24T17:00:00.000Z,
    subuh: 0,
    dzuhur: 0,
    ashar: 0,
    maghrib: 1,
    isya: 0,
    dhuha: 0,
    tahajud: 0,
    puasa_senin: 0,
    puasa_kamis: 0,
    created_at: 2026-03-25T10:27:07.000Z
  },
  {
    id: 0,
    user_id: 2,
    log_date: 2026-03-24T17:00:00.000Z,
    subuh: 0,
    dzuhur: 1,
    ashar: 0,
    maghrib: 0,
    isya: 0,
    dhuha: 0,
    tahajud: 0,
    puasa_senin: 0,
    puasa_kamis: 0,
    created_at: 2026-03-25T10:27:09.000Z
  },
  {
    id: 0,
    user_id: 2,
    log_date: 2026-03-24T17:00:00.000Z,
    subuh: 0,
    dzuhur: 1,
    ashar: 0,
    maghrib: 0,
    isya: 0,
    dhuha: 0,
    tahajud: 0,
    puasa_senin: 0,
    puasa_kamis: 0,
    created_at: 2026-03-25T10:27:09.000Z
  },
  {
    id: 0,
    user_id: 2,
    log_date: 2026-03-24T17:00:00.000Z,
    subuh: 0,
    dzuhur: 1,
    ashar: 0,
    maghrib: 0,
    isya: 0,
    dhuha: 0,
    tahajud: 0,
    puasa_senin: 0,
    puasa_kamis: 0,
    created_at: 2026-03-25T10:27:10.000Z
  },
  {
    id: 0,
    user_id: 2,
    log_date: 2026-03-24T17:00:00.000Z,
    subuh: 0,
    dzuhur: 1,
    ashar: 0,
    maghrib: 0,
    isya: 0,
    dhuha: 0,
    tahajud: 0,
    puasa_senin: 0,
    puasa_kamis: 0,
    created_at: 2026-03-25T10:27:10.000Z
  },
  {
    id: 0,
    user_id: 2,
    log_date: 2026-03-24T17:00:00.000Z,
    subuh: 0,
    dzuhur: 1,
    ashar: 0,
    maghrib: 0,
    isya: 0,
    dhuha: 0,
    tahajud: 0,
    puasa_senin: 0,
    puasa_kamis: 0,
    created_at: 2026-03-25T10:27:10.000Z
  },
  {
    id: 0,
    user_id: 2,
    log_date: 2026-03-24T17:00:00.000Z,
    subuh: 0,
    dzuhur: 1,
    ashar: 0,
    maghrib: 0,
    isya: 0,
    dhuha: 0,
    tahajud: 0,
    puasa_senin: 0,
    puasa_kamis: 0,
    created_at: 2026-03-25T10:27:10.000Z
  },
  {
    id: 0,
    user_id: 2,
    log_date: 2026-03-24T17:00:00.000Z,
    subuh: 0,
    dzuhur: 1,
    ashar: 0,
    maghrib: 0,
    isya: 0,
    dhuha: 0,
    tahajud: 0,
    puasa_senin: 0,
    puasa_kamis: 0,
    created_at: 2026-03-25T10:27:10.000Z
  },
  {
    id: 0,
    user_id: 2,
    log_date: 2026-03-24T17:00:00.000Z,
    subuh: 0,
    dzuhur: 1,
    ashar: 0,
    maghrib: 0,
    isya: 0,
    dhuha: 0,
    tahajud: 0,
    puasa_senin: 0,
    puasa_kamis: 0,
    created_at: 2026-03-25T10:27:19.000Z
  },
  {
    id: 0,
    user_id: 2,
    log_date: 2026-03-24T17:00:00.000Z,
    subuh: 0,
    dzuhur: 0,
    ashar: 1,
    maghrib: 0,
    isya: 0,
    dhuha: 0,
    tahajud: 0,
    puasa_senin: 0,
    puasa_kamis: 0,
    created_at: 2026-03-25T10:27:21.000Z
  },
  {
    id: 0,
    user_id: 2,
    log_date: 2026-03-24T17:00:00.000Z,
    subuh: 0,
    dzuhur: 0,
    ashar: 0,
    maghrib: 1,
    isya: 0,
    dhuha: 0,
    tahajud: 0,
    puasa_senin: 0,
    puasa_kamis: 0,
    created_at: 2026-03-25T10:27:23.000Z
  },
  {
    id: 0,
    user_id: 2,
    log_date: 2026-03-24T17:00:00.000Z,
    subuh: 0,
    dzuhur: 1,
    ashar: 0,
    maghrib: 0,
    isya: 0,
    dhuha: 0,
    tahajud: 0,
    puasa_senin: 0,
    puasa_kamis: 0,
    created_at: 2026-03-25T10:32:02.000Z
  },
  {
    id: 0,
    user_id: 2,
    log_date: 2026-03-24T17:00:00.000Z,
    subuh: 0,
    dzuhur: 0,
    ashar: 1,
    maghrib: 0,
    isya: 0,
    dhuha: 0,
    tahajud: 0,
    puasa_senin: 0,
    puasa_kamis: 0,
    created_at: 2026-03-25T10:32:03.000Z
  },
  {
    id: 0,
    user_id: 2,
    log_date: 2026-03-24T17:00:00.000Z,
    subuh: 0,
    dzuhur: 0,
    ashar: 0,
    maghrib: 1,
    isya: 0,
    dhuha: 0,
    tahajud: 0,
    puasa_senin: 0,
    puasa_kamis: 0,
    created_at: 2026-03-25T10:32:05.000Z
  },
  {
    id: 0,
    user_id: 2,
    log_date: 2026-03-24T17:00:00.000Z,
    subuh: 0,
    dzuhur: 0,
    ashar: 0,
    maghrib: 0,
    isya: 1,
    dhuha: 0,
    tahajud: 0,
    puasa_senin: 0,
    puasa_kamis: 0,
    created_at: 2026-03-25T10:32:05.000Z
  },
  {
    id: 0,
    user_id: 2,
    log_date: 2026-03-24T17:00:00.000Z,
    subuh: 0,
    dzuhur: 1,
    ashar: 0,
    maghrib: 0,
    isya: 0,
    dhuha: 0,
    tahajud: 0,
    puasa_senin: 0,
    puasa_kamis: 0,
    created_at: 2026-03-25T10:34:18.000Z
  },
  {
    id: 0,
    user_id: 2,
    log_date: 2026-03-24T17:00:00.000Z,
    subuh: 0,
    dzuhur: 1,
    ashar: 0,
    maghrib: 0,
    isya: 0,
    dhuha: 0,
    tahajud: 0,
    puasa_senin: 0,
    puasa_kamis: 0,
    created_at: 2026-03-25T10:38:20.000Z
  },
  {
    id: 0,
    user_id: 2,
    log_date: 2026-03-24T17:00:00.000Z,
    subuh: 0,
    dzuhur: 1,
    ashar: 0,
    maghrib: 0,
    isya: 0,
    dhuha: 0,
    tahajud: 0,
    puasa_senin: 0,
    puasa_kamis: 0,
    created_at: 2026-03-25T10:38:21.000Z
  },
  {
    id: 0,
    user_id: 2,
    log_date: 2026-03-24T17:00:00.000Z,
    subuh: 0,
    dzuhur: 0,
    ashar: 1,
    maghrib: 0,
    isya: 0,
    dhuha: 0,
    tahajud: 0,
    puasa_senin: 0,
    puasa_kamis: 0,
    created_at: 2026-03-25T10:40:20.000Z
  },
  {
    id: 0,
    user_id: 2,
    log_date: 2026-03-24T17:00:00.000Z,
    subuh: 0,
    dzuhur: 0,
    ashar: 0,
    maghrib: 1,
    isya: 0,
    dhuha: 0,
    tahajud: 0,
    puasa_senin: 0,
    puasa_kamis: 0,
    created_at: 2026-03-25T10:40:20.000Z
  },
  {
    id: 0,
    user_id: 2,
    log_date: 2026-03-24T17:00:00.000Z,
    subuh: 1,
    dzuhur: 0,
    ashar: 0,
    maghrib: 0,
    isya: 0,
    dhuha: 0,
    tahajud: 0,
    puasa_senin: 0,
    puasa_kamis: 0,
    created_at: 2026-03-25T10:41:05.000Z
  },
  {
    id: 0,
    user_id: 2,
    log_date: 2026-03-24T17:00:00.000Z,
    subuh: 1,
    dzuhur: 0,
    ashar: 0,
    maghrib: 0,
    isya: 0,
    dhuha: 0,
    tahajud: 0,
    puasa_senin: 0,
    puasa_kamis: 0,
    created_at: 2026-03-25T10:41:05.000Z
  }
]
Running query: 
      INSERT INTO ibadah_daily (user_id, log_date, subuh) VALUES (?, CURRENT_DATE(), TRUE) 
      ON DUPLICATE KEY UPDATE subuh = NOT subuh
    
Query result: ResultSetHeader {
  fieldCount: 0,
  affectedRows: 1,
  insertId: 0,
  info: '',
  serverStatus: 2,
  warningStatus: 1,
  changedRows: 0
}
Current row step 1: [
  {
    id: 0,
    user_id: 2,
    log_date: 2026-03-24T17:00:00.000Z,
    subuh: 1,
    dzuhur: 0,
    ashar: 0,
    maghrib: 0,
    isya: 0,
    dhuha: 0,
    tahajud: 0,
    puasa_senin: 0,
    puasa_kamis: 0,
    created_at: 2026-03-25T10:13:47.000Z
  },
  {
    id: 0,
    user_id: 2,
    log_date: 2026-03-24T17:00:00.000Z,
    subuh: 0,
    dzuhur: 1,
    ashar: 0,
    maghrib: 0,
    isya: 0,
    dhuha: 0,
    tahajud: 0,
    puasa_senin: 0,
    puasa_kamis: 0,
    created_at: 2026-03-25T10:13:47.000Z
  },
  {
    id: 0,
    user_id: 2,
    log_date: 2026-03-24T17:00:00.000Z,
    subuh: 0,
    dzuhur: 0,
    ashar: 1,
    maghrib: 0,
    isya: 0,
    dhuha: 0,
    tahajud: 0,
    puasa_senin: 0,
    puasa_kamis: 0,
    created_at: 2026-03-25T10:13:48.000Z
  },
  {
    id: 0,
    user_id: 2,
    log_date: 2026-03-24T17:00:00.000Z,
    subuh: 0,
    dzuhur: 1,
    ashar: 0,
    maghrib: 0,
    isya: 0,
    dhuha: 0,
    tahajud: 0,
    puasa_senin: 0,
    puasa_kamis: 0,
    created_at: 2026-03-25T10:13:49.000Z
  },
  {
    id: 0,
    user_id: 2,
    log_date: 2026-03-24T17:00:00.000Z,
    subuh: 0,
    dzuhur: 1,
    ashar: 0,
    maghrib: 0,
    isya: 0,
    dhuha: 0,
    tahajud: 0,
    puasa_senin: 0,
    puasa_kamis: 0,
    created_at: 2026-03-25T10:13:49.000Z
  },
  {
    id: 0,
    user_id: 2,
    log_date: 2026-03-24T17:00:00.000Z,
    subuh: 0,
    dzuhur: 1,
    ashar: 0,
    maghrib: 0,
    isya: 0,
    dhuha: 0,
    tahajud: 0,
    puasa_senin: 0,
    puasa_kamis: 0,
    created_at: 2026-03-25T10:13:54.000Z
  },
  {
    id: 0,
    user_id: 2,
    log_date: 2026-03-24T17:00:00.000Z,
    subuh: 0,
    dzuhur: 0,
    ashar: 0,
    maghrib: 0,
    isya: 0,
    dhuha: 1,
    tahajud: 0,
    puasa_senin: 0,
    puasa_kamis: 0,
    created_at: 2026-03-25T10:13:54.000Z
  },
  {
    id: 0,
    user_id: 2,
    log_date: 2026-03-24T17:00:00.000Z,
    subuh: 0,
    dzuhur: 1,
    ashar: 0,
    maghrib: 0,
    isya: 0,
    dhuha: 0,
    tahajud: 0,
    puasa_senin: 0,
    puasa_kamis: 0,
    created_at: 2026-03-25T10:13:56.000Z
  },
  {
    id: 0,
    user_id: 2,
    log_date: 2026-03-24T17:00:00.000Z,
    subuh: 0,
    dzuhur: 1,
    ashar: 0,
    maghrib: 0,
    isya: 0,
    dhuha: 0,
    tahajud: 0,
    puasa_senin: 0,
    puasa_kamis: 0,
    created_at: 2026-03-25T10:13:57.000Z
  },
  {
    id: 0,
    user_id: 2,
    log_date: 2026-03-24T17:00:00.000Z,
    subuh: 0,
    dzuhur: 1,
    ashar: 0,
    maghrib: 0,
    isya: 0,
    dhuha: 0,
    tahajud: 0,
    puasa_senin: 0,
    puasa_kamis: 0,
    created_at: 2026-03-25T10:14:28.000Z
  },
  {
    id: 0,
    user_id: 2,
    log_date: 2026-03-24T17:00:00.000Z,
    subuh: 0,
    dzuhur: 1,
    ashar: 0,
    maghrib: 0,
    isya: 0,
    dhuha: 0,
    tahajud: 0,
    puasa_senin: 0,
    puasa_kamis: 0,
    created_at: 2026-03-25T10:18:31.000Z
  },
  {
    id: 0,
    user_id: 2,
    log_date: 2026-03-24T17:00:00.000Z,
    subuh: 0,
    dzuhur: 1,
    ashar: 0,
    maghrib: 0,
    isya: 0,
    dhuha: 0,
    tahajud: 0,
    puasa_senin: 0,
    puasa_kamis: 0,
    created_at: 2026-03-25T10:18:31.000Z
  },
  {
    id: 0,
    user_id: 2,
    log_date: 2026-03-24T17:00:00.000Z,
    subuh: 1,
    dzuhur: 0,
    ashar: 0,
    maghrib: 0,
    isya: 0,
    dhuha: 0,
    tahajud: 0,
    puasa_senin: 0,
    puasa_kamis: 0,
    created_at: 2026-03-25T10:18:35.000Z
  },
  {
    id: 0,
    user_id: 2,
    log_date: 2026-03-24T17:00:00.000Z,
    subuh: 1,
    dzuhur: 0,
    ashar: 0,
    maghrib: 0,
    isya: 0,
    dhuha: 0,
    tahajud: 0,
    puasa_senin: 0,
    puasa_kamis: 0,
    created_at: 2026-03-25T10:18:36.000Z
  },
  {
    id: 0,
    user_id: 2,
    log_date: 2026-03-24T17:00:00.000Z,
    subuh: 1,
    dzuhur: 0,
    ashar: 0,
    maghrib: 0,
    isya: 0,
    dhuha: 0,
    tahajud: 0,
    puasa_senin: 0,
    puasa_kamis: 0,
    created_at: 2026-03-25T10:18:36.000Z
  },
  {
    id: 0,
    user_id: 2,
    log_date: 2026-03-24T17:00:00.000Z,
    subuh: 0,
    dzuhur: 0,
    ashar: 0,
    maghrib: 0,
    isya: 0,
    dhuha: 1,
    tahajud: 0,
    puasa_senin: 0,
    puasa_kamis: 0,
    created_at: 2026-03-25T10:18:37.000Z
  },
  {
    id: 0,
    user_id: 2,
    log_date: 2026-03-24T17:00:00.000Z,
    subuh: 0,
    dzuhur: 0,
    ashar: 0,
    maghrib: 0,
    isya: 0,
    dhuha: 0,
    tahajud: 1,
    puasa_senin: 0,
    puasa_kamis: 0,
    created_at: 2026-03-25T10:18:37.000Z
  },
  {
    id: 0,
    user_id: 2,
    log_date: 2026-03-24T17:00:00.000Z,
    subuh: 0,
    dzuhur: 1,
    ashar: 0,
    maghrib: 0,
    isya: 0,
    dhuha: 0,
    tahajud: 0,
    puasa_senin: 0,
    puasa_kamis: 0,
    created_at: 2026-03-25T10:18:38.000Z
  },
  {
    id: 0,
    user_id: 2,
    log_date: 2026-03-24T17:00:00.000Z,
    subuh: 0,
    dzuhur: 1,
    ashar: 0,
    maghrib: 0,
    isya: 0,
    dhuha: 0,
    tahajud: 0,
    puasa_senin: 0,
    puasa_kamis: 0,
    created_at: 2026-03-25T10:27:03.000Z
  },
  {
    id: 0,
    user_id: 2,
    log_date: 2026-03-24T17:00:00.000Z,
    subuh: 0,
    dzuhur: 1,
    ashar: 0,
    maghrib: 0,
    isya: 0,
    dhuha: 0,
    tahajud: 0,
    puasa_senin: 0,
    puasa_kamis: 0,
    created_at: 2026-03-25T10:27:04.000Z
  },
  {
    id: 0,
    user_id: 2,
    log_date: 2026-03-24T17:00:00.000Z,
    subuh: 0,
    dzuhur: 1,
    ashar: 0,
    maghrib: 0,
    isya: 0,
    dhuha: 0,
    tahajud: 0,
    puasa_senin: 0,
    puasa_kamis: 0,
    created_at: 2026-03-25T10:27:04.000Z
  },
  {
    id: 0,
    user_id: 2,
    log_date: 2026-03-24T17:00:00.000Z,
    subuh: 0,
    dzuhur: 1,
    ashar: 0,
    maghrib: 0,
    isya: 0,
    dhuha: 0,
    tahajud: 0,
    puasa_senin: 0,
    puasa_kamis: 0,
    created_at: 2026-03-25T10:27:04.000Z
  },
  {
    id: 0,
    user_id: 2,
    log_date: 2026-03-24T17:00:00.000Z,
    subuh: 0,
    dzuhur: 0,
    ashar: 1,
    maghrib: 0,
    isya: 0,
    dhuha: 0,
    tahajud: 0,
    puasa_senin: 0,
    puasa_kamis: 0,
    created_at: 2026-03-25T10:27:05.000Z
  },
  {
    id: 0,
    user_id: 2,
    log_date: 2026-03-24T17:00:00.000Z,
    subuh: 0,
    dzuhur: 1,
    ashar: 0,
    maghrib: 0,
    isya: 0,
    dhuha: 0,
    tahajud: 0,
    puasa_senin: 0,
    puasa_kamis: 0,
    created_at: 2026-03-25T10:27:06.000Z
  },
  {
    id: 0,
    user_id: 2,
    log_date: 2026-03-24T17:00:00.000Z,
    subuh: 0,
    dzuhur: 0,
    ashar: 0,
    maghrib: 1,
    isya: 0,
    dhuha: 0,
    tahajud: 0,
    puasa_senin: 0,
    puasa_kamis: 0,
    created_at: 2026-03-25T10:27:07.000Z
  },
  {
    id: 0,
    user_id: 2,
    log_date: 2026-03-24T17:00:00.000Z,
    subuh: 0,
    dzuhur: 1,
    ashar: 0,
    maghrib: 0,
    isya: 0,
    dhuha: 0,
    tahajud: 0,
    puasa_senin: 0,
    puasa_kamis: 0,
    created_at: 2026-03-25T10:27:09.000Z
  },
  {
    id: 0,
    user_id: 2,
    log_date: 2026-03-24T17:00:00.000Z,
    subuh: 0,
    dzuhur: 1,
    ashar: 0,
    maghrib: 0,
    isya: 0,
    dhuha: 0,
    tahajud: 0,
    puasa_senin: 0,
    puasa_kamis: 0,
    created_at: 2026-03-25T10:27:09.000Z
  },
  {
    id: 0,
    user_id: 2,
    log_date: 2026-03-24T17:00:00.000Z,
    subuh: 0,
    dzuhur: 1,
    ashar: 0,
    maghrib: 0,
    isya: 0,
    dhuha: 0,
    tahajud: 0,
    puasa_senin: 0,
    puasa_kamis: 0,
    created_at: 2026-03-25T10:27:10.000Z
  },
  {
    id: 0,
    user_id: 2,
    log_date: 2026-03-24T17:00:00.000Z,
    subuh: 0,
    dzuhur: 1,
    ashar: 0,
    maghrib: 0,
    isya: 0,
    dhuha: 0,
    tahajud: 0,
    puasa_senin: 0,
    puasa_kamis: 0,
    created_at: 2026-03-25T10:27:10.000Z
  },
  {
    id: 0,
    user_id: 2,
    log_date: 2026-03-24T17:00:00.000Z,
    subuh: 0,
    dzuhur: 1,
    ashar: 0,
    maghrib: 0,
    isya: 0,
    dhuha: 0,
    tahajud: 0,
    puasa_senin: 0,
    puasa_kamis: 0,
    created_at: 2026-03-25T10:27:10.000Z
  },
  {
    id: 0,
    user_id: 2,
    log_date: 2026-03-24T17:00:00.000Z,
    subuh: 0,
    dzuhur: 1,
    ashar: 0,
    maghrib: 0,
    isya: 0,
    dhuha: 0,
    tahajud: 0,
    puasa_senin: 0,
    puasa_kamis: 0,
    created_at: 2026-03-25T10:27:10.000Z
  },
  {
    id: 0,
    user_id: 2,
    log_date: 2026-03-24T17:00:00.000Z,
    subuh: 0,
    dzuhur: 1,
    ashar: 0,
    maghrib: 0,
    isya: 0,
    dhuha: 0,
    tahajud: 0,
    puasa_senin: 0,
    puasa_kamis: 0,
    created_at: 2026-03-25T10:27:10.000Z
  },
  {
    id: 0,
    user_id: 2,
    log_date: 2026-03-24T17:00:00.000Z,
    subuh: 0,
    dzuhur: 1,
    ashar: 0,
    maghrib: 0,
    isya: 0,
    dhuha: 0,
    tahajud: 0,
    puasa_senin: 0,
    puasa_kamis: 0,
    created_at: 2026-03-25T10:27:19.000Z
  },
  {
    id: 0,
    user_id: 2,
    log_date: 2026-03-24T17:00:00.000Z,
    subuh: 0,
    dzuhur: 0,
    ashar: 1,
    maghrib: 0,
    isya: 0,
    dhuha: 0,
    tahajud: 0,
    puasa_senin: 0,
    puasa_kamis: 0,
    created_at: 2026-03-25T10:27:21.000Z
  },
  {
    id: 0,
    user_id: 2,
    log_date: 2026-03-24T17:00:00.000Z,
    subuh: 0,
    dzuhur: 0,
    ashar: 0,
    maghrib: 1,
    isya: 0,
    dhuha: 0,
    tahajud: 0,
    puasa_senin: 0,
    puasa_kamis: 0,
    created_at: 2026-03-25T10:27:23.000Z
  },
  {
    id: 0,
    user_id: 2,
    log_date: 2026-03-24T17:00:00.000Z,
    subuh: 0,
    dzuhur: 1,
    ashar: 0,
    maghrib: 0,
    isya: 0,
    dhuha: 0,
    tahajud: 0,
    puasa_senin: 0,
    puasa_kamis: 0,
    created_at: 2026-03-25T10:32:02.000Z
  },
  {
    id: 0,
    user_id: 2,
    log_date: 2026-03-24T17:00:00.000Z,
    subuh: 0,
    dzuhur: 0,
    ashar: 1,
    maghrib: 0,
    isya: 0,
    dhuha: 0,
    tahajud: 0,
    puasa_senin: 0,
    puasa_kamis: 0,
    created_at: 2026-03-25T10:32:03.000Z
  },
  {
    id: 0,
    user_id: 2,
    log_date: 2026-03-24T17:00:00.000Z,
    subuh: 0,
    dzuhur: 0,
    ashar: 0,
    maghrib: 1,
    isya: 0,
    dhuha: 0,
    tahajud: 0,
    puasa_senin: 0,
    puasa_kamis: 0,
    created_at: 2026-03-25T10:32:05.000Z
  },
  {
    id: 0,
    user_id: 2,
    log_date: 2026-03-24T17:00:00.000Z,
    subuh: 0,
    dzuhur: 0,
    ashar: 0,
    maghrib: 0,
    isya: 1,
    dhuha: 0,
    tahajud: 0,
    puasa_senin: 0,
    puasa_kamis: 0,
    created_at: 2026-03-25T10:32:05.000Z
  },
  {
    id: 0,
    user_id: 2,
    log_date: 2026-03-24T17:00:00.000Z,
    subuh: 0,
    dzuhur: 1,
    ashar: 0,
    maghrib: 0,
    isya: 0,
    dhuha: 0,
    tahajud: 0,
    puasa_senin: 0,
    puasa_kamis: 0,
    created_at: 2026-03-25T10:34:18.000Z
  },
  {
    id: 0,
    user_id: 2,
    log_date: 2026-03-24T17:00:00.000Z,
    subuh: 0,
    dzuhur: 1,
    ashar: 0,
    maghrib: 0,
    isya: 0,
    dhuha: 0,
    tahajud: 0,
    puasa_senin: 0,
    puasa_kamis: 0,
    created_at: 2026-03-25T10:38:20.000Z
  },
  {
    id: 0,
    user_id: 2,
    log_date: 2026-03-24T17:00:00.000Z,
    subuh: 0,
    dzuhur: 1,
    ashar: 0,
    maghrib: 0,
    isya: 0,
    dhuha: 0,
    tahajud: 0,
    puasa_senin: 0,
    puasa_kamis: 0,
    created_at: 2026-03-25T10:38:21.000Z
  },
  {
    id: 0,
    user_id: 2,
    log_date: 2026-03-24T17:00:00.000Z,
    subuh: 0,
    dzuhur: 0,
    ashar: 1,
    maghrib: 0,
    isya: 0,
    dhuha: 0,
    tahajud: 0,
    puasa_senin: 0,
    puasa_kamis: 0,
    created_at: 2026-03-25T10:40:20.000Z
  },
  {
    id: 0,
    user_id: 2,
    log_date: 2026-03-24T17:00:00.000Z,
    subuh: 0,
    dzuhur: 0,
    ashar: 0,
    maghrib: 1,
    isya: 0,
    dhuha: 0,
    tahajud: 0,
    puasa_senin: 0,
    puasa_kamis: 0,
    created_at: 2026-03-25T10:40:20.000Z
  },
  {
    id: 0,
    user_id: 2,
    log_date: 2026-03-24T17:00:00.000Z,
    subuh: 1,
    dzuhur: 0,
    ashar: 0,
    maghrib: 0,
    isya: 0,
    dhuha: 0,
    tahajud: 0,
    puasa_senin: 0,
    puasa_kamis: 0,
    created_at: 2026-03-25T10:41:05.000Z
  },
  {
    id: 0,
    user_id: 2,
    log_date: 2026-03-24T17:00:00.000Z,
    subuh: 1,
    dzuhur: 0,
    ashar: 0,
    maghrib: 0,
    isya: 0,
    dhuha: 0,
    tahajud: 0,
    puasa_senin: 0,
    puasa_kamis: 0,
    created_at: 2026-03-25T10:41:05.000Z
  },
  {
    id: 0,
    user_id: 2,
    log_date: 2026-03-24T17:00:00.000Z,
    subuh: 1,
    dzuhur: 0,
    ashar: 0,
    maghrib: 0,
    isya: 0,
    dhuha: 0,
    tahajud: 0,
    puasa_senin: 0,
    puasa_kamis: 0,
    created_at: 2026-03-25T10:41:22.000Z
  }
]
Query result 2: ResultSetHeader {
  fieldCount: 0,
  affectedRows: 1,
  insertId: 0,
  info: '',
  serverStatus: 2,
  warningStatus: 1,
  changedRows: 0
}
Current row step 2: [
  {
    id: 0,
    user_id: 2,
    log_date: 2026-03-24T17:00:00.000Z,
    subuh: 1,
    dzuhur: 0,
    ashar: 0,
    maghrib: 0,
    isya: 0,
    dhuha: 0,
    tahajud: 0,
    puasa_senin: 0,
    puasa_kamis: 0,
    created_at: 2026-03-25T10:13:47.000Z
  },
  {
    id: 0,
    user_id: 2,
    log_date: 2026-03-24T17:00:00.000Z,
    subuh: 0,
    dzuhur: 1,
    ashar: 0,
    maghrib: 0,
    isya: 0,
    dhuha: 0,
    tahajud: 0,
    puasa_senin: 0,
    puasa_kamis: 0,
    created_at: 2026-03-25T10:13:47.000Z
  },
  {
    id: 0,
    user_id: 2,
    log_date: 2026-03-24T17:00:00.000Z,
    subuh: 0,
    dzuhur: 0,
    ashar: 1,
    maghrib: 0,
    isya: 0,
    dhuha: 0,
    tahajud: 0,
    puasa_senin: 0,
    puasa_kamis: 0,
    created_at: 2026-03-25T10:13:48.000Z
  },
  {
    id: 0,
    user_id: 2,
    log_date: 2026-03-24T17:00:00.000Z,
    subuh: 0,
    dzuhur: 1,
    ashar: 0,
    maghrib: 0,
    isya: 0,
    dhuha: 0,
    tahajud: 0,
    puasa_senin: 0,
    puasa_kamis: 0,
    created_at: 2026-03-25T10:13:49.000Z
  },
  {
    id: 0,
    user_id: 2,
    log_date: 2026-03-24T17:00:00.000Z,
    subuh: 0,
    dzuhur: 1,
    ashar: 0,
    maghrib: 0,
    isya: 0,
    dhuha: 0,
    tahajud: 0,
    puasa_senin: 0,
    puasa_kamis: 0,
    created_at: 2026-03-25T10:13:49.000Z
  },
  {
    id: 0,
    user_id: 2,
    log_date: 2026-03-24T17:00:00.000Z,
    subuh: 0,
    dzuhur: 1,
    ashar: 0,
    maghrib: 0,
    isya: 0,
    dhuha: 0,
    tahajud: 0,
    puasa_senin: 0,
    puasa_kamis: 0,
    created_at: 2026-03-25T10:13:54.000Z
  },
  {
    id: 0,
    user_id: 2,
    log_date: 2026-03-24T17:00:00.000Z,
    subuh: 0,
    dzuhur: 0,
    ashar: 0,
    maghrib: 0,
    isya: 0,
    dhuha: 1,
    tahajud: 0,
    puasa_senin: 0,
    puasa_kamis: 0,
    created_at: 2026-03-25T10:13:54.000Z
  },
  {
    id: 0,
    user_id: 2,
    log_date: 2026-03-24T17:00:00.000Z,
    subuh: 0,
    dzuhur: 1,
    ashar: 0,
    maghrib: 0,
    isya: 0,
    dhuha: 0,
    tahajud: 0,
    puasa_senin: 0,
    puasa_kamis: 0,
    created_at: 2026-03-25T10:13:56.000Z
  },
  {
    id: 0,
    user_id: 2,
    log_date: 2026-03-24T17:00:00.000Z,
    subuh: 0,
    dzuhur: 1,
    ashar: 0,
    maghrib: 0,
    isya: 0,
    dhuha: 0,
    tahajud: 0,
    puasa_senin: 0,
    puasa_kamis: 0,
    created_at: 2026-03-25T10:13:57.000Z
  },
  {
    id: 0,
    user_id: 2,
    log_date: 2026-03-24T17:00:00.000Z,
    subuh: 0,
    dzuhur: 1,
    ashar: 0,
    maghrib: 0,
    isya: 0,
    dhuha: 0,
    tahajud: 0,
    puasa_senin: 0,
    puasa_kamis: 0,
    created_at: 2026-03-25T10:14:28.000Z
  },
  {
    id: 0,
    user_id: 2,
    log_date: 2026-03-24T17:00:00.000Z,
    subuh: 0,
    dzuhur: 1,
    ashar: 0,
    maghrib: 0,
    isya: 0,
    dhuha: 0,
    tahajud: 0,
    puasa_senin: 0,
    puasa_kamis: 0,
    created_at: 2026-03-25T10:18:31.000Z
  },
  {
    id: 0,
    user_id: 2,
    log_date: 2026-03-24T17:00:00.000Z,
    subuh: 0,
    dzuhur: 1,
    ashar: 0,
    maghrib: 0,
    isya: 0,
    dhuha: 0,
    tahajud: 0,
    puasa_senin: 0,
    puasa_kamis: 0,
    created_at: 2026-03-25T10:18:31.000Z
  },
  {
    id: 0,
    user_id: 2,
    log_date: 2026-03-24T17:00:00.000Z,
    subuh: 1,
    dzuhur: 0,
    ashar: 0,
    maghrib: 0,
    isya: 0,
    dhuha: 0,
    tahajud: 0,
    puasa_senin: 0,
    puasa_kamis: 0,
    created_at: 2026-03-25T10:18:35.000Z
  },
  {
    id: 0,
    user_id: 2,
    log_date: 2026-03-24T17:00:00.000Z,
    subuh: 1,
    dzuhur: 0,
    ashar: 0,
    maghrib: 0,
    isya: 0,
    dhuha: 0,
    tahajud: 0,
    puasa_senin: 0,
    puasa_kamis: 0,
    created_at: 2026-03-25T10:18:36.000Z
  },
  {
    id: 0,
    user_id: 2,
    log_date: 2026-03-24T17:00:00.000Z,
    subuh: 1,
    dzuhur: 0,
    ashar: 0,
    maghrib: 0,
    isya: 0,
    dhuha: 0,
    tahajud: 0,
    puasa_senin: 0,
    puasa_kamis: 0,
    created_at: 2026-03-25T10:18:36.000Z
  },
  {
    id: 0,
    user_id: 2,
    log_date: 2026-03-24T17:00:00.000Z,
    subuh: 0,
    dzuhur: 0,
    ashar: 0,
    maghrib: 0,
    isya: 0,
    dhuha: 1,
    tahajud: 0,
    puasa_senin: 0,
    puasa_kamis: 0,
    created_at: 2026-03-25T10:18:37.000Z
  },
  {
    id: 0,
    user_id: 2,
    log_date: 2026-03-24T17:00:00.000Z,
    subuh: 0,
    dzuhur: 0,
    ashar: 0,
    maghrib: 0,
    isya: 0,
    dhuha: 0,
    tahajud: 1,
    puasa_senin: 0,
    puasa_kamis: 0,
    created_at: 2026-03-25T10:18:37.000Z
  },
  {
    id: 0,
    user_id: 2,
    log_date: 2026-03-24T17:00:00.000Z,
    subuh: 0,
    dzuhur: 1,
    ashar: 0,
    maghrib: 0,
    isya: 0,
    dhuha: 0,
    tahajud: 0,
    puasa_senin: 0,
    puasa_kamis: 0,
    created_at: 2026-03-25T10:18:38.000Z
  },
  {
    id: 0,
    user_id: 2,
    log_date: 2026-03-24T17:00:00.000Z,
    subuh: 0,
    dzuhur: 1,
    ashar: 0,
    maghrib: 0,
    isya: 0,
    dhuha: 0,
    tahajud: 0,
    puasa_senin: 0,
    puasa_kamis: 0,
    created_at: 2026-03-25T10:27:03.000Z
  },
  {
    id: 0,
    user_id: 2,
    log_date: 2026-03-24T17:00:00.000Z,
    subuh: 0,
    dzuhur: 1,
    ashar: 0,
    maghrib: 0,
    isya: 0,
    dhuha: 0,
    tahajud: 0,
    puasa_senin: 0,
    puasa_kamis: 0,
    created_at: 2026-03-25T10:27:04.000Z
  },
  {
    id: 0,
    user_id: 2,
    log_date: 2026-03-24T17:00:00.000Z,
    subuh: 0,
    dzuhur: 1,
    ashar: 0,
    maghrib: 0,
    isya: 0,
    dhuha: 0,
    tahajud: 0,
    puasa_senin: 0,
    puasa_kamis: 0,
    created_at: 2026-03-25T10:27:04.000Z
  },
  {
    id: 0,
    user_id: 2,
    log_date: 2026-03-24T17:00:00.000Z,
    subuh: 0,
    dzuhur: 1,
    ashar: 0,
    maghrib: 0,
    isya: 0,
    dhuha: 0,
    tahajud: 0,
    puasa_senin: 0,
    puasa_kamis: 0,
    created_at: 2026-03-25T10:27:04.000Z
  },
  {
    id: 0,
    user_id: 2,
    log_date: 2026-03-24T17:00:00.000Z,
    subuh: 0,
    dzuhur: 0,
    ashar: 1,
    maghrib: 0,
    isya: 0,
    dhuha: 0,
    tahajud: 0,
    puasa_senin: 0,
    puasa_kamis: 0,
    created_at: 2026-03-25T10:27:05.000Z
  },
  {
    id: 0,
    user_id: 2,
    log_date: 2026-03-24T17:00:00.000Z,
    subuh: 0,
    dzuhur: 1,
    ashar: 0,
    maghrib: 0,
    isya: 0,
    dhuha: 0,
    tahajud: 0,
    puasa_senin: 0,
    puasa_kamis: 0,
    created_at: 2026-03-25T10:27:06.000Z
  },
  {
    id: 0,
    user_id: 2,
    log_date: 2026-03-24T17:00:00.000Z,
    subuh: 0,
    dzuhur: 0,
    ashar: 0,
    maghrib: 1,
    isya: 0,
    dhuha: 0,
    tahajud: 0,
    puasa_senin: 0,
    puasa_kamis: 0,
    created_at: 2026-03-25T10:27:07.000Z
  },
  {
    id: 0,
    user_id: 2,
    log_date: 2026-03-24T17:00:00.000Z,
    subuh: 0,
    dzuhur: 1,
    ashar: 0,
    maghrib: 0,
    isya: 0,
    dhuha: 0,
    tahajud: 0,
    puasa_senin: 0,
    puasa_kamis: 0,
    created_at: 2026-03-25T10:27:09.000Z
  },
  {
    id: 0,
    user_id: 2,
    log_date: 2026-03-24T17:00:00.000Z,
    subuh: 0,
    dzuhur: 1,
    ashar: 0,
    maghrib: 0,
    isya: 0,
    dhuha: 0,
    tahajud: 0,
    puasa_senin: 0,
    puasa_kamis: 0,
    created_at: 2026-03-25T10:27:09.000Z
  },
  {
    id: 0,
    user_id: 2,
    log_date: 2026-03-24T17:00:00.000Z,
    subuh: 0,
    dzuhur: 1,
    ashar: 0,
    maghrib: 0,
    isya: 0,
    dhuha: 0,
    tahajud: 0,
    puasa_senin: 0,
    puasa_kamis: 0,
    created_at: 2026-03-25T10:27:10.000Z
  },
  {
    id: 0,
    user_id: 2,
    log_date: 2026-03-24T17:00:00.000Z,
    subuh: 0,
    dzuhur: 1,
    ashar: 0,
    maghrib: 0,
    isya: 0,
    dhuha: 0,
    tahajud: 0,
    puasa_senin: 0,
    puasa_kamis: 0,
    created_at: 2026-03-25T10:27:10.000Z
  },
  {
    id: 0,
    user_id: 2,
    log_date: 2026-03-24T17:00:00.000Z,
    subuh: 0,
    dzuhur: 1,
    ashar: 0,
    maghrib: 0,
    isya: 0,
    dhuha: 0,
    tahajud: 0,
    puasa_senin: 0,
    puasa_kamis: 0,
    created_at: 2026-03-25T10:27:10.000Z
  },
  {
    id: 0,
    user_id: 2,
    log_date: 2026-03-24T17:00:00.000Z,
    subuh: 0,
    dzuhur: 1,
    ashar: 0,
    maghrib: 0,
    isya: 0,
    dhuha: 0,
    tahajud: 0,
    puasa_senin: 0,
    puasa_kamis: 0,
    created_at: 2026-03-25T10:27:10.000Z
  },
  {
    id: 0,
    user_id: 2,
    log_date: 2026-03-24T17:00:00.000Z,
    subuh: 0,
    dzuhur: 1,
    ashar: 0,
    maghrib: 0,
    isya: 0,
    dhuha: 0,
    tahajud: 0,
    puasa_senin: 0,
    puasa_kamis: 0,
    created_at: 2026-03-25T10:27:10.000Z
  },
  {
    id: 0,
    user_id: 2,
    log_date: 2026-03-24T17:00:00.000Z,
    subuh: 0,
    dzuhur: 1,
    ashar: 0,
    maghrib: 0,
    isya: 0,
    dhuha: 0,
    tahajud: 0,
    puasa_senin: 0,
    puasa_kamis: 0,
    created_at: 2026-03-25T10:27:19.000Z
  },
  {
    id: 0,
    user_id: 2,
    log_date: 2026-03-24T17:00:00.000Z,
    subuh: 0,
    dzuhur: 0,
    ashar: 1,
    maghrib: 0,
    isya: 0,
    dhuha: 0,
    tahajud: 0,
    puasa_senin: 0,
    puasa_kamis: 0,
    created_at: 2026-03-25T10:27:21.000Z
  },
  {
    id: 0,
    user_id: 2,
    log_date: 2026-03-24T17:00:00.000Z,
    subuh: 0,
    dzuhur: 0,
    ashar: 0,
    maghrib: 1,
    isya: 0,
    dhuha: 0,
    tahajud: 0,
    puasa_senin: 0,
    puasa_kamis: 0,
    created_at: 2026-03-25T10:27:23.000Z
  },
  {
    id: 0,
    user_id: 2,
    log_date: 2026-03-24T17:00:00.000Z,
    subuh: 0,
    dzuhur: 1,
    ashar: 0,
    maghrib: 0,
    isya: 0,
    dhuha: 0,
    tahajud: 0,
    puasa_senin: 0,
    puasa_kamis: 0,
    created_at: 2026-03-25T10:32:02.000Z
  },
  {
    id: 0,
    user_id: 2,
    log_date: 2026-03-24T17:00:00.000Z,
    subuh: 0,
    dzuhur: 0,
    ashar: 1,
    maghrib: 0,
    isya: 0,
    dhuha: 0,
    tahajud: 0,
    puasa_senin: 0,
    puasa_kamis: 0,
    created_at: 2026-03-25T10:32:03.000Z
  },
  {
    id: 0,
    user_id: 2,
    log_date: 2026-03-24T17:00:00.000Z,
    subuh: 0,
    dzuhur: 0,
    ashar: 0,
    maghrib: 1,
    isya: 0,
    dhuha: 0,
    tahajud: 0,
    puasa_senin: 0,
    puasa_kamis: 0,
    created_at: 2026-03-25T10:32:05.000Z
  },
  {
    id: 0,
    user_id: 2,
    log_date: 2026-03-24T17:00:00.000Z,
    subuh: 0,
    dzuhur: 0,
    ashar: 0,
    maghrib: 0,
    isya: 1,
    dhuha: 0,
    tahajud: 0,
    puasa_senin: 0,
    puasa_kamis: 0,
    created_at: 2026-03-25T10:32:05.000Z
  },
  {
    id: 0,
    user_id: 2,
    log_date: 2026-03-24T17:00:00.000Z,
    subuh: 0,
    dzuhur: 1,
    ashar: 0,
    maghrib: 0,
    isya: 0,
    dhuha: 0,
    tahajud: 0,
    puasa_senin: 0,
    puasa_kamis: 0,
    created_at: 2026-03-25T10:34:18.000Z
  },
  {
    id: 0,
    user_id: 2,
    log_date: 2026-03-24T17:00:00.000Z,
    subuh: 0,
    dzuhur: 1,
    ashar: 0,
    maghrib: 0,
    isya: 0,
    dhuha: 0,
    tahajud: 0,
    puasa_senin: 0,
    puasa_kamis: 0,
    created_at: 2026-03-25T10:38:20.000Z
  },
  {
    id: 0,
    user_id: 2,
    log_date: 2026-03-24T17:00:00.000Z,
    subuh: 0,
    dzuhur: 1,
    ashar: 0,
    maghrib: 0,
    isya: 0,
    dhuha: 0,
    tahajud: 0,
    puasa_senin: 0,
    puasa_kamis: 0,
    created_at: 2026-03-25T10:38:21.000Z
  },
  {
    id: 0,
    user_id: 2,
    log_date: 2026-03-24T17:00:00.000Z,
    subuh: 0,
    dzuhur: 0,
    ashar: 1,
    maghrib: 0,
    isya: 0,
    dhuha: 0,
    tahajud: 0,
    puasa_senin: 0,
    puasa_kamis: 0,
    created_at: 2026-03-25T10:40:20.000Z
  },
  {
    id: 0,
    user_id: 2,
    log_date: 2026-03-24T17:00:00.000Z,
    subuh: 0,
    dzuhur: 0,
    ashar: 0,
    maghrib: 1,
    isya: 0,
    dhuha: 0,
    tahajud: 0,
    puasa_senin: 0,
    puasa_kamis: 0,
    created_at: 2026-03-25T10:40:20.000Z
  },
  {
    id: 0,
    user_id: 2,
    log_date: 2026-03-24T17:00:00.000Z,
    subuh: 1,
    dzuhur: 0,
    ashar: 0,
    maghrib: 0,
    isya: 0,
    dhuha: 0,
    tahajud: 0,
    puasa_senin: 0,
    puasa_kamis: 0,
    created_at: 2026-03-25T10:41:05.000Z
  },
  {
    id: 0,
    user_id: 2,
    log_date: 2026-03-24T17:00:00.000Z,
    subuh: 1,
    dzuhur: 0,
    ashar: 0,
    maghrib: 0,
    isya: 0,
    dhuha: 0,
    tahajud: 0,
    puasa_senin: 0,
    puasa_kamis: 0,
    created_at: 2026-03-25T10:41:05.000Z
  },
  {
    id: 0,
    user_id: 2,
    log_date: 2026-03-24T17:00:00.000Z,
    subuh: 1,
    dzuhur: 0,
    ashar: 0,
    maghrib: 0,
    isya: 0,
    dhuha: 0,
    tahajud: 0,
    puasa_senin: 0,
    puasa_kamis: 0,
    created_at: 2026-03-25T10:41:22.000Z
  },
  {
    id: 0,
    user_id: 2,
    log_date: 2026-03-24T17:00:00.000Z,
    subuh: 1,
    dzuhur: 0,
    ashar: 0,
    maghrib: 0,
    isya: 0,
    dhuha: 0,
    tahajud: 0,
    puasa_senin: 0,
    puasa_kamis: 0,
    created_at: 2026-03-25T10:41:22.000Z
  }
]
